---
source: src/ui/layout.rs
---
 ◉ mxmon cpu  0.4% │ Apple M3 Max  4E+12P · 40-core GPU · 48G                   load 3.42 2.87 2.51  up 1d 2h  HH:MM:SS
╭╸PROCESSES╺ 160 · 10 running · 549 thr ───────────────────────────────────────────────────────────────────────────────╮
│    PID USER         CPU%▼    PWR     MEM     ↓/s     ↑/s  THR S      TIME NAME                                       │
│    659 yusuf        171.0  783mW    1.0G       –       –    8 S   18m 39s bird                                       ┃
│    421 root         169.0  377mW    531M       –       –   17 S   10m 01s node                                       ┃
│    642 _windowse…   1╭ process ──────────────────────────────────────────────────────────── ✕ ╮                      ┃
│    404 yusuf        1│ bird                                                                   │                      ┃
│    863 yusuf        1│                                                                        │                      ┃
│    625 root         1│ pid / ppid  659 / 1                                                    │                      ┃
│    387 _windowse…   1│      user  yusuf                                                       │                      ┃
│    829 root         1│     state  Sleeping                                                    │                      ┃
│    591 _windowse…   1│       cpu  171.0% of one core                                          │                      ┃
│    353 yusuf        1│    memory  1.0G                                                        │                      ┃
│    812 yusuf        1│   threads  8                                                           │                      ┃
│    574 root         1│     power  783mW                                                       │                      ┃
│    336 _windowse…   1│       ipc  3.90 instr/cycle                                            │                      ┃
│    795 _windowse…    │  core mix  P  13% · E  87%                                             │                      ┃
│    557 yusuf         │   disk io  R    2M/s · W    1M/s                                       │                      ┃
│    319 root          │    net io  –                                                           │                      ┃
│    778 root          │ write amp     3M/s logical →    1M/s device                            │                      ┃
│    540 _windowse…    │       qos  interactive  21% · background   7%                          │                      ┃
│    302 yusuf         │   wakeups  531/s interrupt-driven                                      │                      ┃
│    761 yusuf         │  switches  397/s ctx · 24489/s syscalls                                │                      ┃
│    523 root          │   waiting  0.69 threads for a core                                     │                      ┃
│    285 _windowse…    │  cpu time  18m 39s                                                     │                      ┃
│    744 _windowse…    │   started  3d 7h ago                                                   │                      ┃
│    506 yusuf         │      path  /usr/bin/bird                                               │                      ┃
│    268 root          │                                                                        │                      ┃
│    710 yusuf         │ ✕ kill process   enter/esc close                                       │                      │
│    472 root          ╰────────────────────────────────────────────────────────────────────────╯                      │
│    234 _windowse…    26.0   58mW    124M       –       –    6 I    3m 14s kernel_task                                │
│    693 _windowse…    17.0  841mW    1.1G       –       –   10 S   19m 53s node                                       │
│    455 yusuf         15.0  435mW    605M       –       –   19 S   11m 15s nginx                                      │
│    217 root          13.0   29mW     87M       –       –    5 S    2m 37s WindowServer                               │
╰──────────────────────────────────────────────────────────────────────────────────────────────────────────────────────╯
  1 overview   2 processes   3 thermal   4 net   ? help  / filter  x kill  p pause  o settings  t theme  q quit
