---
source: src/ui/layout.rs
assertion_line: 492
---
 ◉ mxmon cpu  0.4% │ Apple M3 Max  4E+12P · 40-core GPU · 48G                                                                                                                                                                                                               macOS 26.5  load 3.42 2.87 2.51  up 1d 2h  HH:MM:SS
╭╸CPU╺  44.0% ─────────────────────────────────────────────────────────────────╮╭╸POWER╺ SYS  32.2W ──────────────────────────────────╮╭╸BATTERY · FLOW╺  78% ────────────────────────────────────────╮╭╸CHASSIS HEAT MAP╺ 66°C max ───────────────────────────────────────────────────────────────────────────────────────────╮
│E 1.97GHz · P 3.22GHz                                      63°C avg · 70°C max││PKG  10.3W  peak 12.7W                               ││█████████████████████████████████████▌▏▏▏▏▏▏▏▏▏▏    ⚡  charging│                                                                                                                       │
│E  ▁▂▃▄  32.0% @ 1.97GHz                                                      ││                                    ⢀⣤⡀   ⣰⣄   ⢠⡀   ⢀││health 91%  cycles 312  temp 31°C  1h34m to full  adapter 96W ││                                                                                                                       │
│P0 ▆▅▄▃▁▂  43.0% @ 3.22GHz                                                    ││                                   ⣠⣿⣿⣷⣄⢀⣼⣿⣿⣦⢀⣴⣿⣿⣷⣠⣶⣿││                                ▄▄▄▄▄▄▄▄▄▄▄▄▄▄▄▄▄             ││                                                                                                                       │
│P1 ▃▄▆▅▄▃  53.0% @ 3.22GHz                                                    ││⣀⣀⣀⣀⣀⣀⣀⣀⣀⣀⣀⣀⣀⣀⣀⣀⣀⣀⣀⣀⣀⣀⣀⣀⣀⣀⣀⣀⣀⣀⣀⣀⣀⣀⣀⣿⣿⣿⣿⣿⣿⣿⣿⣿⣿⣿⣿⣿⣿⣿⣿⣿⣿││          ▄▄▄▄▄▄▄▄▄▄▄           ▀▀▀▀▀▀▀▀▀▀▀▀▀▀▀▀▀ SoC    10.3W││                                                                                                                       │
│                                                                              ││CPU ███████████████▋▏▏▏▏▏▏▏▏▏▏▏▏▏▏▏▏▏▏▏         8.90W││          ██████████████████████▄▄▄▄▄▄▄▄▄▄▄▄▄▄▄▄▄ DISP    3.1W││                                                                                                                       │
│                                          ⣤⣤⣤⣤⣤⣤⣤⣤⣤⣤⣤⣤⣤⣤⣤⣤⣤⣤⣤⣤⣤⣤⣤⣤⣤⣤⣤⣤⣤⣤⣤⣤⣤⣤⣤⣤││GPU ██▍▏▏▏▏▏▏▏▏▏▏▏▏▏▏▏▏▏▏▏▏▏▏▏▏▏▏▏▏▏▏▏▏         1.35W││          ██████████████████████▄▄▄▄▄▄▄▄                      ││                                                                                                                       │
│                                          ⣿⣿⣿⣿⣿⣿⣿⣿⣿⣿⣿⣿⣿⣿⣿⣿⣿⣿⣿⣿⣿⣿⣿⣿⣿⣿⣿⣿⣿⣿⣿⣿⣿⣿⣿⣿││ANE ▏▏▏▏▏▏▏▏▏▏▏▏▏▏▏▏▏▏▏▏▏▏▏▏▏▏▏▏▏▏▏▏▏▏▏          20mW││AC  64.8W ████████████SYS 32.2W██████████████████ other  18.8W││                                                                                                                       │
│                                          ⣿⣿⣿⣿⣿⣿⣿⣿⣿⣿⣿⣿⣿⣿⣿⣿⣿⣿⣿⣿⣿⣿⣿⣿⣿⣿⣿⣿⣿⣿⣿⣿⣿⣿⣿⣿││RAM ██▏▏▏▏▏▏▏▏▏▏▏▏▏▏▏▏▏▏▏▏▏▏▏▏▏▏▏▏▏▏▏▏▏         1.11W││          ██████████████████████        ▀▀▀▀▀▀▀▀▀             ││                                                                                                                       │
│                                          ⣿⣿⣿⣿⣿⣿⣿⣿⣿⣿⣿⣿⣿⣿⣿⣿⣿⣿⣿⣿⣿⣿⣿⣿⣿⣿⣿⣿⣿⣿⣿⣿⣿⣿⣿⣿││DSP █████▍▏▏▏▏▏▏▏▏▏▏▏▏▏▏▏▏▏▏▏▏▏▏▏▏▏▏▏▏▏         3.10W││          ▀▀▀▀▀▀▀▀▀▀▀           ▄▄▄▄▄▄▄▄▄▄▄▄▄▄▄▄▄             ││ ╭──────────────────────────────────────━━━━━━━━━━━━━━━━━━━━━━━━━━━━━━━━━━━━━━───────────────────────────────────────╮ │
│⣀⣀⣀⣀⣀⣀⣀⣀⣀⣀⣀⣀⣀⣀⣀⣀⣀⣀⣀⣀⣀⣀⣀⣀⣀⣀⣀⣀⣀⣀⣀⣀⣀⣀⣀⣀⣀⣀⣀⣀⣀⣀⣿⣿⣿⣿⣿⣿⣿⣿⣿⣿⣿⣿⣿⣿⣿⣿⣿⣿⣿⣿⣿⣿⣿⣿⣿⣿⣿⣿⣿⣿⣿⣿⣿⣿⣿⣿││                                                     ││                                ▀▀▀▀▀▀▀▀▀▀▀▀▀▀▀▀▀ BAT   +12.4W││ │                                                                                                                   │ │
╰──────────────────────────────────────────────────────────────────────────────╯╰─────────────────────────────────────────────────────╯╰──────────────────────────────────────────────────────────────╯│ │       2190rpm   ════════════════════════════════════════════════════════════════════════════════   2248rpm        │ │
╭╸GPU╺  39.9% ─────────────────────────╮╭╸MEMORY╺  48% ────────────────────────╮╭╸NETWORK╺ ↓ 46.5 ↑  4.4 ─────────────╮╭╸DISK╺ R   8.2 W   620 ───────────────╮╭╸TEMPS · FANS╺ 70°C max ──────────────╮│ │                        ╭───────────────────╭─────────────────────╮────────────────────╮                           │ │
│@ 1.02GHz  1.35W                  56°C││23.1G / 48.0G            pressure  OK ││Σ↓  1.3G  Σ↑  256M                   ││lat 284µ/451µ  iops  220/  95         ││CPU 63°C GPU 56°C Left  ██▎▏▏▏ 2190   ││ │     ⢀⡠⠒⠋⠉⠉⠉⠑⠢⣄         │╭──────╮╭┈┈┈╭──────╯┈┈┈┈┈┈┈┈┈┈┈┈┈┈┈┈┈┈┈┈┈╰─╮┈┈┈┈┈┈┈┈┈┈╮╭─────╮│           ⣠⠔⠊⠉⠉⠉⠙⠒⢄⡀      │ │
│                                      ││██████████████████▎▏▏▏▏▏▏▏▏▏▏▏▏▏▏▏▏▏▏▏││↑   7.4 Mb/s⢸ ⡄    ⡆⢀   ⡇⢠    ⢰ ⡀  ⢸ ││W   3.1 MB/s⡄        ⣼⡄        ⣼⡄     ││ANE 0 45°C        Right ██▎▏▏▏ 2248   ││ │ ╭───────────╮⠈⢢        ││      │┊╭╭ E-CPU ┬───────┬───────┬───────╮│╭ ANE ──╮ ┊│     ││          ⡔⠁  •     ⠑⡄     │ │
│                                      ││app 12.0G wired  6.0G cmpr  4.0G cache││  ⢸ ⡇⢰ ⣸ ⡇⢰ ⣸ ⡇⢸ ⡄ ⡇⢸ ⡆⢀⡇⢸ ⡇⢠ ⢸ ⡇⢰ ⣸ ││  ⣷       ⢰⣿⣷       ⢰⣿⣷       ⢰⣿⣷     ││65°C                                  ││ │ │  ⡏ AIR L 38°⠈⡇       ││      │╭╯│E1  56°│E2  54°│E3  56°│E4  60°│╰│ANE 45°│ ┊│     ││         ⢸⠁          ⢹     │ │
│                                      ││swap  512M / 2.0G   ram pwr 1.11W     ││  ⣿⢠⡇⢸ ⣿⢠⡇⢸ ⣿⢰⡇⣸ ⡇⢸⡇⣼ ⡇⢸⡇⣾⢀⡇⢸ ⣿⢠⡇⢸ ⣿⢰││  ⣿⣇     ⢀⣿⣿⣿⣇     ⢀⣿⣿⣿⣇     ⢀⣿⣿⣿⣇    ││                             ⢀⣀⣀⣀⣀⣀⣀⣀⣀││ │ ╰─╮⢳      ╭──╯PMU2 49° ││      ╭╯ ╰───────┴───────┴───────┴───────╯ ╰───────╯─────╮  ││         ⠘⡆        • ⡞     │ │
│                                      ││55%                                   ││ ⢀⣿⢸⡇⣿⢀⣿⢸⡇⣿⢠⣿⢸⡇⣿⢰⡇⣸⡇⣿⢸⡇⣼⡇⣿⢸⡇⣾⢀⣿⢸⡇⣿⢠⣿⢸││  ⣿⣿⡄    ⣼⣿⣿⣿⣿⡄    ⣼⣿⣿⣿⣿⡄    ⣼⣿⣿⣿⣿⡄   ││                             ⢸⢸⡇⣿⢸⡇⣿⢸⡇││ │   ╰───────╯ ⢀⡴⠃        ││    ╭─╯┊                                             ┊│  ╰───╮          ⠘⢦⡀ •    ⣠⠞      │ │
│                                      ││                                      ││ ⢸⣿⣼⡇⣿⢸⣿⣾⣇⣿⢸⣿⣿⣧⣿⢸⡇⣿⣷⣿⣸⡇⣿⣿⣿⣼⡇⣿⢸⣿⣾⣇⣿⢸⣿⣿││  ⣿⣿⣿⡀  ⣸⣿⣿⣿⣿⣿⣿⡀  ⣸⣿⣿⣿⣿⣿⣿⡀  ⣸⣿⣿⣿⣿⣿⣿⡀  ││                             ⢸⢸⣇⣿⢸⣇⣿⢸⡇││ │      ⠈⠉⠒⠒⠒⠒⠚⠉          ││  ╭─╯ │┊       ╭ P-CPU ──┬────┬────┬────┬────╮       ┊│     │╰╮           ⠉⠓⠒⠒⠒⠒⠉⠁       │ │
│                                      ││                                      ││⣀⣸⣿⣿⣿⣿⣼⣿⣿⣿⣿⣾⣿⣿⣿⣿⣿⣧⣿⣿⣿⣿⣷⣿⣿⣿⣿⣿⣿⣼⣿⣿⣿⣿⣾⣿⣿││  ⣿⣿⣿⣧ ⢠⣿⣿⣿⣿⣿⣿⣿⣧ ⢠⣿⣿⣿⣿⣿⣿⣿⣧ ⢠⣿⣿⣿⣿⣿⣿⣿⣧ ⢠││                             ⢸⢸⣿⣿⢸⣿⣿⢸⡇││ ├───────╮                │╰─╭╯───╯┊       │ 62°│ 60°│ 62°│ 66°│ 66°│ 59°│       ┊╰─────╯╭╯                          │ │
│         ⣠⡀             ⣠⡀            ││                           ⣀⣤         ││ ⢹⣿⣿⣿⢹⣿⣿⣿⢻⣿⣿⣿⢻⣿⣿⣿⢻⣿⣿⣿⢿⣿⣿⣿⢿⣿⣿⣿⢿⣿⣿⣿⣿⣿⣿⣿││⣀⣀⣿⣿⣿⣿⡆⣾⣿⣿⣿⣿⣿⣿⣿⣿⡆⣾⣿⣿⣿⣿⣿⣿⣿⣿⡆⣾⣿⣿⣿⣿⣿⣿⣿⣿⡆⣾││                             ⣸⣸⣿⣿⣸⣿⣿⣸⡇││ │       ╰─╮              │╭─│────╮┊       │ 61°│ 65°│ 65°│ 63°│ 60°│ 64°│       ┊╭─────╭╯        ╭SSD 40°╮╮         │ │
│       ⢀⣾⣿⣿⣆          ⢀⣾⣿⣿⣆          ⢀││                       ⢀⡤⠖⠋⠁⢸         ││ ⠈⣿⣿⣿⠈⣿⣿⣿⠈⣿⣿⣿⠘⣿⣿⣿⠘⣿⣿⣿⠘⣿⣿⣿⠸⣿⣿⣿⠸⣿⣿⣿⠸⣿⣿⣿││  ⣿⣿⣿⣿⣿⣿⣿⢸⣿⣿⣿⣿⣿⣿⣿⢸⣿⣿⣿⣿⣿⣿⣿⢸⣿⣿⣿⣿⣿⣿⣿⢸⣿⣿⣿⣿││                             ⢸⣿⣿⣿⢸⣿⣿⣿⡇││ │  CHG 40°╯              ││ │    │┊       ╰────┴────┴────┴────┴────┴────╯       ┊│    ╭╯│        │ ╭──╯  ╰───╮      │ │
│      ⣰⣿⣿⣿⣿⣿⣷⡀       ⣰⣿⣿⣿⣿⣿⣷⡀       ⣰⣿││                    ⣠⠴⠚⠉    ⢸         ││  ⢸⣿⣿ ⢹⣿⣿ ⢹⣿⣿ ⢹⣿⣿ ⢻⣿⣿ ⢻⣿⣿ ⢻⣿⣿ ⢻⣿⣿ ⢿⣿⣿││  ⣿⣿⣿⣿⣿⣿⡇ ⣿⣿⣿⣿⣿⣿⡇ ⣿⣿⣿⣿⣿⣿⡇ ⣿⣿⣿⣿⣿⣿⡇ ⣿⣿⣿⣿││                             ⠚⣟⣿⣻⢸⣻⣟⡟⣇││ ├────────╯               ││ ╰╮   │┊            ╭ GPU ────┬────┬────╮            ┊│   ╭╯││        │ ╰─╮    ╭──╯      │ │
│    ⢀⣾⣿⣿⣿⣿⣿⣿⣿⣿⣆    ⢀⣾⣿⣿⣿⣿⣿⣿⣿⣿⣆    ⢀⣾⣿⣿││                ⣀⡤⠖⠋⠁       ⢸         ││   ⢿⣿  ⣿⣿  ⣿⣿ ⠈⣿⣿ ⠈⣿⣿ ⠈⣿⣿ ⠘⣿⣿ ⠘⣿⣿ ⠘⣿⣿││  ⢸⣿⣿⣿⣿⣿  ⢸⣿⣿⣿⣿⣿  ⢸⣿⣿⣿⣿⣿  ⢸⣿⣿⣿⣿⣿  ⢸⣿⣿⣿││                              ⣿ ⣿⢸⡇⢸⡇⣿││ │                        ││  ╰─╮ │┊            │ 56°│ 58°│ 62°│ 62°│            ┊│  ╭╯ ││        ╰───╰────╯         │ │
│   ⣰⣿⣿⣿⣿⣿⣿⣿⣿⣿⣿⣿⣷⡀ ⣰⣿⣿⣿⣿⣿⣿⣿⣿⣿⣿⣿⣷⡀ ⣰⣿⣿⣿⣿││            ⢀⣠⠴⠚⠁           ⢸         ││   ⠸⣿  ⠸⣿  ⠸⣿  ⢸⣿  ⢹⣿  ⢹⣿  ⢹⣿  ⢻⣿  ⢻⣿││   ⣿⣿⣿⣿⡇   ⣿⣿⣿⣿⡇   ⣿⣿⣿⣿⡇   ⣿⣿⣿⣿⡇   ⣿⣿⣿││                              ⣿ ⣿⢸⡇⢸⡇⣿││ │                        ││    ╰───╮           ╰────┴────┴────┴────╯            ┊╭──╯  ││                           │ │
│  ⣾⣿⣿⣿⣿⣿⣿⣿⣿⣿⣿⣿⣿⣿⣿⣾⣿⣿⣿⣿⣿⣿⣿⣿⣿⣿⣿⣿⣿⣿⣾⣿⣿⣿⣿⣿││         ⣀⡤⠞⠉               ⢸      ⢀⡤⠖││    ⢻   ⢿   ⢿   ⢿   ⣿   ⣿  ⠈⣿  ⠈⣿  ⠈⣿││   ⢸⣿⣿⣿    ⢸⣿⣿⣿    ⢸⣿⣿⣿    ⢸⣿⣿⣿    ⢸⣿⣿││                              ⠉ ⠉⠈⠁⠈⠁⠉││ │                        ││      │┊╰───────╭ DIE ───┬────55°─┬────────╮──────────╯     ││                           │ │
│⣀⣀⣿⣿⣿⣿⣿⣿⣿⣿⣿⣿⣿⣿⣿⣿⣿⣿⣿⣿⣿⣿⣿⣿⣿⣿⣿⣿⣿⣿⣿⣿⣿⣿⣿⣿⣿⣿││     ⢀⣠⠖⠋⠁                  ⢸  ⢀⣠⠴⠚⠉  ││↓  46.5 Mb/s⠸   ⠸   ⠸   ⢸   ⢸   ⢹   ⢹││    ⣿⣿⡇     ⣿⣿⡇     ⣿⣿⡇     ⣿⣿⡇     ⣿⣿││                                      ││ │                        │╰──────╯┊        │D1   53°│D2   51°│D3   53°│         ┊╰─────╯│                           │ │
│rend ████▉▏▏▏▏      tile █▊▏▏▏▏▏▏▏    ││  ⣀⡴⠚⠉                      ⢸⡤⠖⠋      ││▄▄▄▄▄▄▄▄▄▄▄▄▄▄▄▄▄▄▄▄▄▄▄▄▄▄▄▄▄▄▄▄▄▄▄▄▄││    ⢸⣿      ⢸⣿      ⢸⣿      ⢸⣿      ⢸⣿││                                      ││ │                        │        ┊        │D4   57°│D5   53°│D6   51°│         ┊       │                           │ │
│mem  3.3G                  active  43%││45%                                   ││ping 13.1ms  jit  0.8ms            UP││R   9.4 MB/s ⡇       ⡇       ⡇       ⡇││50°C⣀⣀⣀⣀⣀⣀⣀⣀⣀⣀⣀⣀⣀⣀⣀⣀⣀⣀⣀⣀⣀⣀cpu · gpu °c││ │                        │        ┊        ╰────────┴────────┴────────╯         ┊       │                           │ │
╰──────────────────────────────────────╯╰──────────────────────────────────────╯╰─────────────────────────────────────╯╰──────────────────────────────────────╯╰──────────────────────────────────────╯│ │                        │        ╰┈┈┈┈┈┈┈┈┈┈┈┈┈┈┈┈┈┈┈┈┈┈┈┈┈┈┈┈┈┈┈┈┈┈┈┈┈┈┈┈┈┈┈┈┈╯       │                           │ │
╭╸PROCESSES╺ 160 · 10 running · 549 thr ──────────────────────────────────────────────────────────────────────────────────────────────────────────────────────────────────────────────────────────────╮│ │                        │              APPLE M3 MAX · 40-CORE GPU · 48GB               │                           │ │
│    PID USER         CPU%▼    PWR     MEM  THR S      TIME NAME                                   │     PID USER         CPU%▼    PWR     MEM  THR S      TIME NAME                                  ││ │                        ╰──────────────────────────────────────────────────────────────╯                           │ │
│    659 yusuf        171.0  783mW    1.0G    8 S   18m 39s bird                                   │     710 yusuf         30.0  870mW    1.1G   11 I   20m 30s postgres                              ││ │                                                                                                                   │ │
│    421 root         169.0  377mW    531M   17 S   10m 01s node                                   │     472 root          28.0  464mW    642M   20 R   11m 52s mxmon                                 ││ │                         ╭────────────────╮╭───────────╮  ╭───────────╮╭────────────────╮                          │ │
│    642 _windowse…   158.0  754mW   1012M    7 I   18m 02s mds_stores                             │     234 _windowse…    26.0   58mW    124M    6 I    3m 14s kernel_task                           ││ │           ⣿⣿⣿⣿⣿         │                ││╭───────────45°───────────╮│                │         ⣿⣿⣿⣿⣿            │ │
│    404 yusuf        156.0  348mW    494M   16 R    9m 24s Xcode                                  │     693 _windowse…    17.0  841mW    1.1G   10 S   19m 53s node                                  ││ ├─╮         ⣿⣿⣿⣿⣿         │░░░░░░░░░░░░╭─────╯     BATT · 78% 33°      ╰──────╮░░░░░░░░░░│         ⣿⣿⣿⣿⣿       ╭────┤ │
│    863 yusuf        147.0  231mW    1.5G   20 S   26m 03s Music                                  │     455 yusuf         15.0  435mW    605M   19 S   11m 15s nginx                                 ││ │ ╰─────────╮⣿⣿⣿⣿         │░░░░╭───────╯░░░││░░░░░░░░░░░│  │░░░░░░░░░░░││░░░░░╰──────────╮        ╭────────────╯    │ │
│    625 root         145.0  725mW    975M    6 S   17m 25s Terminal                               │     217 root          13.0   29mW     87M    5 S    2m 37s WindowServer                          ││ │           ╰──────────────────╯░░░░░░░░░░░││░░░░░░░░░░░│  │░░░░░░░░░░░││░░░░░░░░░░░░░░░░╰────────╯⣿⣿⣿⣿⣿            │ │
│    387 _windowse…   143.0  319mW    457M   15 S    8m 47s bird                                   │     676 root           4.0  812mW    1.1G    9 R   19m 16s Xcode                                 ││ │           ⣿⣿⣿⣿⣿         ╭────────────────╮│░░░░░░░░░░░│  │░░░░░░░░░░░│╭────────────────╮         ⣿⣿⣿⣿⣿            │ │
│    829 root         121.0  173mW    1.4G   18 S   24m 49s cargo                                  │     438 _windowse…     2.0  406mW    568M   18 I   10m 38s postgres                              ││ │           ⣿⣿⣿⣿⣿         │                ││░░░░░░░░░░░│  │░░░░░░░░░░░││                │         ⣿⣿⣿⣿⣿            │ │
│    591 _windowse…   119.0  667mW    901M    4 S   16m 11s Music                                  │     200 yusuf          0.0    0mW     50M    4 R    2m 00s mxmon                                 ││ │           ⣿⣿⣿⣿⣿         │░░░░░░░░░░░░░░░░│╭░░░░░░░░░░░────░░░░░░░░░░░╮│░░░░░░░░░░░░░░░░│         ⣿⣿⣿⣿⣿            │ │
│    353 yusuf        117.0  261mW    383M   13 S    7m 33s Terminal                               │     251 yusuf            –      –       –    7 S    3m 51s Safari                                ││ │           ⣿⣿⣿⣿⣿         │░░░░░░░░░░░░░░░░││░░░░░░░░░╭────────╮░░░░░░░││░░░░░░░░░░░░░░░░│         ⣿⣿⣿⣿⣿            │ │
│    812 yusuf        108.0  144mW    1.3G   17 R   24m 12s claude                                 │     370 root             –      –       –   14 I    8m 10s mds_stores                            ││ │           ⣿⣿⣿⣿⣿         │░░░░░░░░░░░░░░░░││░░░╭─────╯░│  │░░░╰────╮░░││░░░░░░░░░░░░░░░░│         ⣿⣿⣿⣿⣿            │ │
│    574 root         106.0  638mW    864M   26 I   15m 34s rust-analyzer                          │     489 _windowse…       –      –       –   21 S   12m 29s WindowServer                          ││ │           ⣿⣿⣿⣿⣿         ╰────────────────╯│──╭╯─────TPAD 29°──────╰╮─│╰────────────────╯         ⣿⣿⣿⣿⣿            │ │
│    336 _windowse…   104.0  232mW    346M   12 R    6m 56s Finder                                 │     608 yusuf            –      –       –    5 R   16m 48s Finder                                ││ │                                           │  │                     │ │                                            │ │
│    795 _windowse…    95.0  115mW    1.3G   16 S   23m 35s Safari                                 │     727 root             –      –       –   12 S   21m 07s nginx                                 ││ │                                           ╰──╰──╮────────────────╭─╯─╯                                            │ │
│    557 yusuf         93.0  609mW    827M   25 S   14m 57s cargo                                  │     846 _windowse…       –      –       –   19 I   25m 26s rust-analyzer                         ││ │                                                 ╰──────35°───────╯                                                │ │
│    319 root          91.0  203mW    309M   11 S    6m 19s Music                                  │                                                                                                  ││ ╰───────────────────────────────────────────────────────────────────────────────────────────────────────────────────╯ │
│    778 root          82.0   86mW    1.3G   15 I   22m 58s kernel_task                            │                                                                                                  ││                                                                                                                       │
│    540 _windowse…    80.0  580mW    790M   24 R   14m 20s claude                                 │                                                                                                  ││                                                                                                                       │
│    302 yusuf         78.0  174mW    272M   10 I    5m 42s rust-analyzer                          │                                                                                                  ││                                                                                                                       │
│    761 yusuf         69.0   57mW    1.2G   14 S   22m 21s WindowServer                           │                                                                                                  ││                                                                                                                       │
│    523 root          67.0  551mW    753M   23 S   13m 43s Safari                                 │                                                                                                  ││                                                                                                                       │
│    285 _windowse…    65.0  145mW    235M    9 S    5m 05s cargo                                  │                                                                                                  ││                                                                                                                       │
│    744 _windowse…    56.0   28mW    1.2G   13 R   21m 44s mxmon                                  │                                                                                                  ││                                                                                                                       │
│    506 yusuf         54.0  522mW    716M   22 I   13m 06s kernel_task                            │                                                                                                  ││                                                                                                                       │
│    268 root          52.0  116mW    198M    8 R    4m 28s claude                                 │                                                                                                  ││                                                                                                                       │
╰─────────────────────────────────────────────────────────────────────────────────────────────────────────────────────────────────────────────────────────────────────────────────────────────────────╯╰───────────────────────────────────────────────────────────────────────────────────────────────────────────────────────╯
  1 overview   2 processes   3 thermal   4 net   ? help  / filter  x kill  p pause  o settings  t theme  q quit                                                                                                                                                                                              sudo for all procs
