---
source: src/ui/layout.rs
assertion_line: 441
---
 ◉ mxmon cpu  0.4% │ Apple M3 Max                                      HH:MM:SS
╭╸CHASSIS HEAT MAP╺ 66°C max ────────────────────────╮╭╸SENSORS╺───────────────╮
│                                                    ││─ E-Cores               │
│ ╭────────────────━━━━━━━━━━━━━━━━────────────────╮ ││ E-Core 0         56.0° │
│ │ 2190rpm          ╭──55°───╮           2248rpm  │ ││ E-Core 1         54.0° │
│ │ ╭───╮         ╭──╯        ╰╮                   │ ││ E-Core 2         56.0° │
│ │ ╰───╯       ╭─╯            ╰────────╮          │ ││ E-Core 3         60.0° │
│ │╭─╮         ╭╯      CPU 63°          │SSD 40°   │ ││─ P-Cores               │
│ ││ │         │                      ╭─╯   ╭──╮   │ ││ P-Core 0         62.0° │
│ │╰─╯         ╰╮      GPU 56°    ╭───╯     ╰──╯   │ ││ P-Core 1         60.0° │
│ │             ╰────╮       ╭────╯                │ ││ P-Core 2         62.0° │
│ │                  ╰───────╯                     │ ││ P-Core 3         66.0° │
│ │                                                │ ││ P-Core 4         66.0° │
│ ├─╮             ╭───────45°───────╮          ╭───┤ ││ P-Core 5         59.0° │
│ │ ╰─────────────╯BATT · 78% 33°   ╰──────────╯   │ ││ P-Core 6         61.0° │
│ │                                                │ ││ P-Core 7         65.0° │
│ │                    ╭──────╮                    │ ││ P-Core 8         65.0° │
│ │                  ╭─╯      ╰─╮                  │ ││ P-Core 9         63.0° │
│ │                  ╰─╮      ╭─╯                  │ ││ P-Core 10        60.0° │
│ ╰────────────────────┴──────┴────────────────────╯ ││ P-Core 11        64.0° │
│                                                    ││─ GPU                   │
│                                                    ││ GPU Clusterscroll ↑↓0° │
╰────────────────────────────────────────────────────╯╰────────────────────────╯
  1 overview   2 processes   3 thermal   4 net   ? help  / filter  x kill
